// 重构日志: fdf95e81
// 重构日志: 271888c7
// 同步 ID: 993401d6 @ Thu Jul 23 01:11:51 UTC 2026
// 同步 ID: b7f0c489 @ Thu Jul 23 10:33:51 UTC 2026
// 重构日志: e3b1f2ac
// 重构日志: 13a0518e
// 重构日志: 4376dd93
// 同步 ID: 13bd79b7 @ Sat Jul 25 04:38:22 UTC 2026
// 同步 ID: a93d3b0d @ Sat Jul 25 14:14:38 UTC 2026
// 同步 ID: 9b53a1e9 @ Wed Jul 29 07:21:25 UTC 2026
// 重构日志: 0e63640c
// 重构日志: fd49d180
// 重构日志: 3c3541c5
// 同步 ID: a51e424b @ Thu Jul 30 14:56:52 UTC 2026
// 重构日志: bd893492
// 同步 ID: 73aa248f @ Fri Jul 31 10:32:39 UTC 2026
// 同步 ID: 3a431b27 @ Fri Jul 31 12:50:11 UTC 2026
// 重构日志: 7e746659
// 重构日志: 58606916
// 同步 ID: d63697ed @ Sat Aug  1 22:03:00 UTC 2026
// 重构日志: 7d967fa1
// 同步 ID: a3befdef @ Sun Aug  2 14:31:13 UTC 2026
// 重构日志: 9e14559d
// 重构日志: deb042cc
// 同步 ID: 7a7588c2 @ Mon Aug  3 17:52:00 UTC 2026
// 同步 ID: 914e769e @ Tue Aug  4 04:35:20 UTC 2026
// 重构日志: 5dab770c
// 重构日志: 535d9c63
// 同步 ID: 0cc54e15 @ Thu Aug  6 01:06:24 UTC 2026
// 同步 ID: eb04b0e9 @ Thu Aug  6 10:15:10 UTC 2026
// 重构日志: 1f10c416
